// Jest Snapshot v1, https://goo.gl/fbAQLP

exports[`default-options default-options 1`] = `Object {}`;
