// Jest Snapshot v1, https://goo.gl/fbAQLP

exports[`sheetRuleStatus should match Snapshot 1`] = `
Array [
  [Function],
  [Function],
]
`;
